C51 COMPILER V9.02   MAIN                                                                  05/15/2016 00:17:03 PAGE 1   


C51 COMPILER V9.02, COMPILATION OF MODULE MAIN
OBJECT MODULE PLACED IN .\Objects\main.obj
COMPILER INVOKED BY: C:\Keil_v5\C51\BIN\C51.EXE main.c OPTIMIZE(8,SPEED) BROWSE INCDIR(..\00-libfiles) DEBUG OBJECTEXTEN
                    -D PRINT(.\Listings\main.lst) TABS(2) OBJECT(.\Objects\main.obj)

line level    source

   1          /***************************************************************************************************
   2                                             ExploreEmbedded
   3          ****************************************************************************************************
   4           * File:   main.c
   5           * Version: 16.0
   6           * Author: ExploreEmbedded
   7           * Website: http://www.exploreembedded.com/wiki
   8           * Description: This file contains the program to demonstrate the LED Fading depending on PWM duty Cycle. 
   9          
  10          The libraries have been tested on ExploreEmbedded development boards. We strongly believe that the
  11          library works on any of development boards for respective controllers. However, ExploreEmbedded
  12          disclaims any kind of hardware failure resulting out of usage of libraries, directly or indirectly.
  13          Files may be subject to change without prior notice. The revision history contains the information
  14          related to updates.
  15          
  16          
  17          GNU GENERAL PUBLIC LICENSE:
  18              Copyright (C) 2012  ExploreEmbedded
  19          
  20              This program is free software: you can redistribute it and/or modify
  21              it under the terms of the GNU General Public License as published by
  22              the Free Software Foundation, either version 3 of the License, or
  23              (at your option) any later version.
  24          
  25              This program is distributed in the hope that it will be useful,
  26              but WITHOUT ANY WARRANTY; without even the implied warranty of
  27              MERCHANTABILITY or FITNESS FOR A PARTICULAR PURPOSE.  See the
  28              GNU General Public License for more details.
  29          
  30              You should have received a copy of the GNU General Public License
  31              along with this program.  If not, see <http://www.gnu.org/licenses/>.
  32          
  33          
  34          Errors and omissions should be reported to codelibraries@exploreembedded.com
  35          **************************************************************************************************/
  36          
  37          
  38          #include <reg51.h>
  39          #include "pwm.h"
  40          #include "delay.h"
  41          #include "stdutils.h"
  42          
  43          
  44          /* start the main program */
  45          int main() 
  46          {
  47   1          uint8_t dutyCycle;
  48   1      
  49   1          PWM_Init();
  50   1          PWM_Start(0); 
  51   1          PWM_Start(1); 
  52   1      
  53   1          while(1)
  54   1          {
C51 COMPILER V9.02   MAIN                                                                  05/15/2016 00:17:03 PAGE 2   

  55   2      
  56   2              for(dutyCycle=0;dutyCycle<100;dutyCycle++) /* Increase the Brightness of the Leds */
  57   2              {
  58   3                  PWM_SetDutyCycle(0,dutyCycle);  
  59   3                  PWM_SetDutyCycle(1,dutyCycle);  
  60   3                  DELAY_ms(2);
  61   3              }
  62   2      
  63   2              for(dutyCycle=100;dutyCycle>0;dutyCycle--) /* Decrease the Brightness of the Leds */
  64   2              {
  65   3                  PWM_SetDutyCycle(0,dutyCycle);  
  66   3                  PWM_SetDutyCycle(1,dutyCycle);  
  67   3                  DELAY_ms(2);
  68   3              }
  69   2          }                              
  70   1      }


MODULE INFORMATION:   STATIC OVERLAYABLE
   CODE SIZE        =     81    ----
   CONSTANT SIZE    =   ----    ----
   XDATA SIZE       =   ----    ----
   PDATA SIZE       =   ----    ----
   DATA SIZE        =   ----       1
   IDATA SIZE       =   ----    ----
   BIT SIZE         =   ----    ----
END OF MODULE INFORMATION.


C51 COMPILATION COMPLETE.  0 WARNING(S),  0 ERROR(S)
